HelperLib.c:6:37:halt	4	static
HelperLib.c:16:6:pause	16	static
HelperLib.c:26:6:adc1cpy	8	static
HelperLib.c:32:6:adc_sort	12	static
HelperLib.c:50:7:jquad	8	static
HelperLib.c:58:6:adc_filter	40	static
HelperLib.c:92:6:ScanKnobs	40	static
HelperLib.c:116:6:ScanPotsShadowProc	24	static
HelperLib.c:128:6:ScanPotsShadow	16	static
HelperLib.c:140:6:TriggersResetAll	0	static
HelperLib.c:149:6:PotsInit	8	static
HelperLib.c:166:6:Key	0	static
HelperLib.c:237:6:LDIR	0	static
HelperLib.c:243:6:LDIRc	0	static
HelperLib.c:250:6:CLEARS	0	static
