HelperLib.c:9:37:halt	4	static
HelperLib.c:19:6:pause	16	static
HelperLib.c:29:6:adc1cpy	8	static
HelperLib.c:35:6:adc_sort	12	static
HelperLib.c:56:6:adc_filter	40	static
HelperLib.c:90:6:ScanKnobs	40	static
HelperLib.c:114:6:ScanPotsShadowProc	24	static
HelperLib.c:126:6:ScanPotsShadow	16	static
HelperLib.c:138:6:TriggersResetAll	0	static
HelperLib.c:147:6:PotsInit	8	static
HelperLib.c:164:6:Key	0	static
HelperLib.c:235:7:jquad	8	static
HelperLib.c:241:6:LDIR	0	static
HelperLib.c:247:6:LDIRc	0	static
HelperLib.c:254:6:CLEARS	0	static
